[2023-07-17 16:17:09,489: INFO: main: Welcome to logs]
[2023-07-18 16:34:39,870: INFO: common: yaml file: config\config.yaml loaded successfully]
[2023-07-18 16:34:39,874: INFO: common: yaml file: params.yaml loaded successfully]
[2023-07-19 10:01:46,035: INFO: common: yaml file: config\config.yaml loaded successfully]
[2023-07-19 10:01:46,044: INFO: common: yaml file: params.yaml loaded successfully]
[2023-07-19 10:01:54,434: INFO: common: yaml file: config\config.yaml loaded successfully]
[2023-07-19 10:01:54,434: INFO: common: yaml file: params.yaml loaded successfully]
[2023-07-19 10:19:11,029: INFO: common: yaml file: config\config.yaml loaded successfully]
[2023-07-19 10:19:11,041: INFO: common: created directory at: artifacts]
[2023-07-19 10:19:11,050: INFO: common: created directory at: artifacts/data_ingestion]
[2023-07-19 10:19:23,371: INFO: 4037744573: artifacts/data_ingestion/data.zip download! with following info: 
Server: GitHub.com
Date: Wed, 19 Jul 2023 04:49:23 GMT
Content-Type: text/html; charset=utf-8
Vary: X-PJAX, X-PJAX-Container, Turbo-Visit, Turbo-Frame, Accept-Encoding, Accept, X-Requested-With
ETag: W/"d300617d54fbf37693be02db3695f37f"
Cache-Control: max-age=0, private, must-revalidate
Strict-Transport-Security: max-age=31536000; includeSubdomains; preload
X-Frame-Options: deny
X-Content-Type-Options: nosniff
X-XSS-Protection: 0
Referrer-Policy: no-referrer-when-downgrade
Zontent-Security-Policy: default-src 'none'; base-uri 'self'; child-src github.com/assets-cdn/worker/ gist.github.com/assets-cdn/worker/; connect-src 'self' uploads.github.com objects-origin.githubusercontent.com www.githubstatus.com collector.github.com raw.githubusercontent.com api.github.com github-cloud.s3.amazonaws.com github-production-repository-file-5c1aeb.s3.amazonaws.com github-production-upload-manifest-file-7fdce7.s3.amazonaws.com github-production-user-asset-6210df.s3.amazonaws.com cdn.optimizely.com logx.optimizely.com/v1/events *.actions.githubusercontent.com productionresultssa0.blob.core.windows.net/ productionresultssa1.blob.core.windows.net/ productionresultssa2.blob.core.windows.net/ productionresultssa3.blob.core.windows.net/ productionresultssa4.blob.core.windows.net/ wss://*.actions.githubusercontent.com github-production-repository-image-32fea6.s3.amazonaws.com github-production-release-asset-2e65be.s3.amazonaws.com insights.github.com wss://alive.github.com; font-src github.githubassets.com; form-action 'self' github.com gist.github.com objects-origin.githubusercontent.com; frame-ancestors 'none'; frame-src viewscreen.githubusercontent.com notebooks.githubusercontent.com; img-src 'self' data: github.githubassets.com media.githubusercontent.com camo.githubusercontent.com identicons.github.com avatars.githubusercontent.com github-cloud.s3.amazonaws.com objects.githubusercontent.com objects-origin.githubusercontent.com secured-user-images.githubusercontent.com/ user-images.githubusercontent.com/ private-user-images.githubusercontent.com opengraph.githubassets.com github-production-user-asset-6210df.s3.amazonaws.com customer-stories-feed.github.com spotlights-feed.github.com *.githubusercontent.com; manifest-src 'self'; media-src github.com user-images.githubusercontent.com/ secured-user-images.githubusercontent.com/ private-user-images.githubusercontent.com; script-src github.githubassets.com; style-src 'unsafe-inline' github.githubassets.com; worker-src github.com/assets-cdn/worker/ gist.github.com/assets-cdn/worker/
Set-Cookie: _gh_sess=GWsG5ejHUS%2BMLtCMdhVvaLkTRtKgp95AdIBp63VDysCtDGbRKNy63V6wMoHOQWWcT4nLpnKlR7810RkBAhgaBfM4KKBZsnlH9ZYTWYmECjWAu0hQJBNBDM4cHa3E0zft3Ygza4kMVXsBX0RMy%2BtYKfsw8XJzcmrNzNwOZGDW4xlAiVpmvAU1aAH5SrlGiZKJEsc6FQUhvTG4zmho6EIfG4KvD%2Fm7VUpkkVFq60TbWwa2SjnK%2F467i85kS5mz4MI3vfK8NM%2BqqI6PQ5c5fX%2FT6Q%3D%3D--qnzGjtyCsfht4mve--RNaakhubss%2BnNOHXiWYvDQ%3D%3D; Path=/; HttpOnly; Secure; SameSite=Lax
Set-Cookie: _octo=GH1.1.244478957.1689742162; Path=/; Domain=github.com; Expires=Fri, 19 Jul 2024 04:49:22 GMT; Secure; SameSite=Lax
Set-Cookie: logged_in=no; Path=/; Domain=github.com; Expires=Fri, 19 Jul 2024 04:49:22 GMT; HttpOnly; Secure; SameSite=Lax
Accept-Ranges: bytes
Transfer-Encoding: chunked
X-GitHub-Request-Id: 3F78:179786:4407A5:4EC340:64B76B52
connection: close
Content-security-policy: default-src 'none'; base-uri 'self'; child-src https://*.zscaler.net github.com/assets-cdn/worker/ gist.github.com/assets-cdn/worker/; connect-src https://*.zscaler.net 'self' uploads.github.com objects-origin.githubusercontent.com www.githubstatus.com collector.github.com raw.githubusercontent.com api.github.com github-cloud.s3.amazonaws.com github-production-repository-file-5c1aeb.s3.amazonaws.com github-production-upload-manifest-file-7fdce7.s3.amazonaws.com github-production-user-asset-6210df.s3.amazonaws.com cdn.optimizely.com logx.optimizely.com/v1/events *.actions.githubusercontent.com productionresultssa0.blob.core.windows.net/ productionresultssa1.blob.core.windows.net/ productionresultssa2.blob.core.windows.net/ productionresultssa3.blob.core.windows.net/ productionresultssa4.blob.core.windows.net/ wss://*.actions.githubusercontent.com github-production-repository-image-32fea6.s3.amazonaws.com github-production-release-asset-2e65be.s3.amazonaws.com insights.github.com wss://alive.github.com; font-src https://*.zscaler.net github.githubassets.com; form-action 'self' github.com gist.github.com objects-origin.githubusercontent.com; frame-ancestors 'none'; frame-src https://*.zscaler.net viewscreen.githubusercontent.com notebooks.githubusercontent.com; img-src https://*.zscaler.net 'self' data: github.githubassets.com media.githubusercontent.com camo.githubusercontent.com identicons.github.com avatars.githubusercontent.com github-cloud.s3.amazonaws.com objects.githubusercontent.com objects-origin.githubusercontent.com secured-user-images.githubusercontent.com/ user-images.githubusercontent.com/ private-user-images.githubusercontent.com opengraph.githubassets.com github-production-user-asset-6210df.s3.amazonaws.com customer-stories-feed.github.com spotlights-feed.github.com *.githubusercontent.com; manifest-src https://*.zscaler.net 'self'; media-src https://*.zscaler.net github.com user-images.githubusercontent.com/ secured-user-images.githubusercontent.com/ private-user-images.githubusercontent.com; script-src https://*.zscaler.net github.githubassets.com; style-src https://*.zscaler.net 'unsafe-inline' github.githubassets.com; worker-src github.com/assets-cdn/worker/ gist.github.com/assets-cdn/worker/;

]
[2023-07-19 10:34:04,965: INFO: common: yaml file: config\config.yaml loaded successfully]
[2023-07-19 10:34:04,970: INFO: common: created directory at: artifacts]
[2023-07-19 10:34:04,975: INFO: common: created directory at: artifacts/data_ingestion]
[2023-07-19 10:34:04,979: INFO: 4037744573: File already exists of size: ~ 117 KB]
[2023-07-19 10:48:06,025: INFO: common: yaml file: config\config.yaml loaded successfully]
[2023-07-19 10:48:06,029: INFO: common: created directory at: artifacts]
[2023-07-19 10:48:06,034: INFO: common: created directory at: artifacts/data_ingestion]
[2023-07-19 10:48:45,701: INFO: common: yaml file: config\config.yaml loaded successfully]
[2023-07-19 10:48:45,705: INFO: common: created directory at: artifacts]
[2023-07-19 10:48:45,708: INFO: common: created directory at: artifacts/data_ingestion]
[2023-07-19 10:48:57,627: INFO: 4037744573: artifacts/data_ingestion/data.zip download! with following info: 
Server: GitHub.com
Date: Wed, 19 Jul 2023 05:18:57 GMT
Content-Type: text/html; charset=utf-8
Vary: X-PJAX, X-PJAX-Container, Turbo-Visit, Turbo-Frame, Accept-Encoding, Accept, X-Requested-With
ETag: W/"6addc02aadcf249bfcb66929da07f229"
Cache-Control: max-age=0, private, must-revalidate
Strict-Transport-Security: max-age=31536000; includeSubdomains; preload
X-Frame-Options: deny
X-Content-Type-Options: nosniff
X-XSS-Protection: 0
Referrer-Policy: no-referrer-when-downgrade
Zontent-Security-Policy: default-src 'none'; base-uri 'self'; child-src github.com/assets-cdn/worker/ gist.github.com/assets-cdn/worker/; connect-src 'self' uploads.github.com objects-origin.githubusercontent.com www.githubstatus.com collector.github.com raw.githubusercontent.com api.github.com github-cloud.s3.amazonaws.com github-production-repository-file-5c1aeb.s3.amazonaws.com github-production-upload-manifest-file-7fdce7.s3.amazonaws.com github-production-user-asset-6210df.s3.amazonaws.com cdn.optimizely.com logx.optimizely.com/v1/events *.actions.githubusercontent.com productionresultssa0.blob.core.windows.net/ productionresultssa1.blob.core.windows.net/ productionresultssa2.blob.core.windows.net/ productionresultssa3.blob.core.windows.net/ productionresultssa4.blob.core.windows.net/ wss://*.actions.githubusercontent.com github-production-repository-image-32fea6.s3.amazonaws.com github-production-release-asset-2e65be.s3.amazonaws.com insights.github.com wss://alive.github.com; font-src github.githubassets.com; form-action 'self' github.com gist.github.com objects-origin.githubusercontent.com; frame-ancestors 'none'; frame-src viewscreen.githubusercontent.com notebooks.githubusercontent.com; img-src 'self' data: github.githubassets.com media.githubusercontent.com camo.githubusercontent.com identicons.github.com avatars.githubusercontent.com github-cloud.s3.amazonaws.com objects.githubusercontent.com objects-origin.githubusercontent.com secured-user-images.githubusercontent.com/ user-images.githubusercontent.com/ private-user-images.githubusercontent.com opengraph.githubassets.com github-production-user-asset-6210df.s3.amazonaws.com customer-stories-feed.github.com spotlights-feed.github.com *.githubusercontent.com; manifest-src 'self'; media-src github.com user-images.githubusercontent.com/ secured-user-images.githubusercontent.com/ private-user-images.githubusercontent.com; script-src github.githubassets.com; style-src 'unsafe-inline' github.githubassets.com; worker-src github.com/assets-cdn/worker/ gist.github.com/assets-cdn/worker/
Set-Cookie: _gh_sess=VeSPL%2BdcniPklMuIFl8kMuMuOOEq9fhlEONWKLr3tKdHCeSGYljFacIHUO5IAffPcQmmPgnhzdZxWDVUg7AiFsRpJ0QMhE0PGFYtpG6%2FXpHvj4OlgAePKUKhYA1heam9FTuaHXd7WX4S68nKZTyiip8cmhTrruBOeh1kuCWGXk3h3QKXju63oTQxN22b%2B79eKttHhCO2fOboqdi9tNj7a7A2LxrQegV1oy1oyOZuYkcrtNcA45XTcmPgCSqfNGjjRpDF%2BYcet4VOAlAXLukNQQ%3D%3D--zwdG5QEuUgJDw9vg--cKaRd60jpYyhRBLi%2BHsGqg%3D%3D; Path=/; HttpOnly; Secure; SameSite=Lax
Set-Cookie: _octo=GH1.1.1024939803.1689743937; Path=/; Domain=github.com; Expires=Fri, 19 Jul 2024 05:18:57 GMT; Secure; SameSite=Lax
Set-Cookie: logged_in=no; Path=/; Domain=github.com; Expires=Fri, 19 Jul 2024 05:18:57 GMT; HttpOnly; Secure; SameSite=Lax
Accept-Ranges: bytes
Transfer-Encoding: chunked
X-GitHub-Request-Id: 1C37:2883A6:488F7D:53A1CA:64B77240
connection: close
Content-security-policy: default-src 'none'; base-uri 'self'; child-src https://*.zscaler.net github.com/assets-cdn/worker/ gist.github.com/assets-cdn/worker/; connect-src https://*.zscaler.net 'self' uploads.github.com objects-origin.githubusercontent.com www.githubstatus.com collector.github.com raw.githubusercontent.com api.github.com github-cloud.s3.amazonaws.com github-production-repository-file-5c1aeb.s3.amazonaws.com github-production-upload-manifest-file-7fdce7.s3.amazonaws.com github-production-user-asset-6210df.s3.amazonaws.com cdn.optimizely.com logx.optimizely.com/v1/events *.actions.githubusercontent.com productionresultssa0.blob.core.windows.net/ productionresultssa1.blob.core.windows.net/ productionresultssa2.blob.core.windows.net/ productionresultssa3.blob.core.windows.net/ productionresultssa4.blob.core.windows.net/ wss://*.actions.githubusercontent.com github-production-repository-image-32fea6.s3.amazonaws.com github-production-release-asset-2e65be.s3.amazonaws.com insights.github.com wss://alive.github.com; font-src https://*.zscaler.net github.githubassets.com; form-action 'self' github.com gist.github.com objects-origin.githubusercontent.com; frame-ancestors 'none'; frame-src https://*.zscaler.net viewscreen.githubusercontent.com notebooks.githubusercontent.com; img-src https://*.zscaler.net 'self' data: github.githubassets.com media.githubusercontent.com camo.githubusercontent.com identicons.github.com avatars.githubusercontent.com github-cloud.s3.amazonaws.com objects.githubusercontent.com objects-origin.githubusercontent.com secured-user-images.githubusercontent.com/ user-images.githubusercontent.com/ private-user-images.githubusercontent.com opengraph.githubassets.com github-production-user-asset-6210df.s3.amazonaws.com customer-stories-feed.github.com spotlights-feed.github.com *.githubusercontent.com; manifest-src https://*.zscaler.net 'self'; media-src https://*.zscaler.net github.com user-images.githubusercontent.com/ secured-user-images.githubusercontent.com/ private-user-images.githubusercontent.com; script-src https://*.zscaler.net github.githubassets.com; style-src https://*.zscaler.net 'unsafe-inline' github.githubassets.com; worker-src github.com/assets-cdn/worker/ gist.github.com/assets-cdn/worker/;

]
[2023-07-19 10:54:02,191: INFO: common: yaml file: config\config.yaml loaded successfully]
[2023-07-19 10:54:02,196: INFO: common: created directory at: artifacts]
[2023-07-19 10:54:02,201: INFO: common: created directory at: artifacts/data_ingestion]
[2023-07-19 10:54:17,262: INFO: 4037744573: artifacts/data_ingestion/data.zip download! with following info: 
Connection: close
Content-Length: 11616915
Cache-Control: max-age=300
Content-Security-Policy: default-src 'none'; style-src 'unsafe-inline'; sandbox
Content-Type: application/zip
ETag: "adf745abc03891fe493c3be264ec012691fe3fa21d861f35a27edbe6d86a76b1"
Strict-Transport-Security: max-age=31536000
X-Content-Type-Options: nosniff
X-Frame-Options: deny
X-XSS-Protection: 1; mode=block
X-GitHub-Request-Id: 4ADC:2886D9:48DAE:7294B:64B7737D
Accept-Ranges: bytes
Date: Wed, 19 Jul 2023 05:24:14 GMT
Via: 1.1 varnish
X-Served-By: cache-hyd1100031-HYD
X-Cache: MISS
X-Cache-Hits: 0
X-Timer: S1689744254.979607,VS0,VE962
Vary: Authorization,Accept-Encoding,Origin
Access-Control-Allow-Origin: *
Cross-Origin-Resource-Policy: cross-origin
X-Fastly-Request-ID: af50e4d8155dfa4de20453589c0097bce2d112de
Expires: Wed, 19 Jul 2023 05:29:14 GMT
Source-Age: 1

]
[2023-07-19 10:55:37,765: INFO: common: yaml file: config\config.yaml loaded successfully]
[2023-07-19 10:55:37,769: INFO: common: created directory at: artifacts]
[2023-07-19 10:55:37,774: INFO: common: created directory at: artifacts/data_ingestion]
[2023-07-19 10:55:49,559: INFO: 4037744573: artifacts/data_ingestion/data.zip download! with following info: 
Server: GitHub.com
Date: Wed, 19 Jul 2023 05:25:49 GMT
Content-Type: text/html; charset=utf-8
Vary: X-PJAX, X-PJAX-Container, Turbo-Visit, Turbo-Frame, Accept-Encoding, Accept, X-Requested-With
ETag: W/"714fa7abf4a6fa3ea28f49700fe3acb0"
Cache-Control: max-age=0, private, must-revalidate
Strict-Transport-Security: max-age=31536000; includeSubdomains; preload
X-Frame-Options: deny
X-Content-Type-Options: nosniff
X-XSS-Protection: 0
Referrer-Policy: no-referrer-when-downgrade
Zontent-Security-Policy: default-src 'none'; base-uri 'self'; child-src github.com/assets-cdn/worker/ gist.github.com/assets-cdn/worker/; connect-src 'self' uploads.github.com objects-origin.githubusercontent.com www.githubstatus.com collector.github.com raw.githubusercontent.com api.github.com github-cloud.s3.amazonaws.com github-production-repository-file-5c1aeb.s3.amazonaws.com github-production-upload-manifest-file-7fdce7.s3.amazonaws.com github-production-user-asset-6210df.s3.amazonaws.com cdn.optimizely.com logx.optimizely.com/v1/events *.actions.githubusercontent.com productionresultssa0.blob.core.windows.net/ productionresultssa1.blob.core.windows.net/ productionresultssa2.blob.core.windows.net/ productionresultssa3.blob.core.windows.net/ productionresultssa4.blob.core.windows.net/ wss://*.actions.githubusercontent.com github-production-repository-image-32fea6.s3.amazonaws.com github-production-release-asset-2e65be.s3.amazonaws.com insights.github.com wss://alive.github.com; font-src github.githubassets.com; form-action 'self' github.com gist.github.com objects-origin.githubusercontent.com; frame-ancestors 'none'; frame-src viewscreen.githubusercontent.com notebooks.githubusercontent.com; img-src 'self' data: github.githubassets.com media.githubusercontent.com camo.githubusercontent.com identicons.github.com avatars.githubusercontent.com github-cloud.s3.amazonaws.com objects.githubusercontent.com objects-origin.githubusercontent.com secured-user-images.githubusercontent.com/ user-images.githubusercontent.com/ private-user-images.githubusercontent.com opengraph.githubassets.com github-production-user-asset-6210df.s3.amazonaws.com customer-stories-feed.github.com spotlights-feed.github.com *.githubusercontent.com; manifest-src 'self'; media-src github.com user-images.githubusercontent.com/ secured-user-images.githubusercontent.com/ private-user-images.githubusercontent.com; script-src github.githubassets.com; style-src 'unsafe-inline' github.githubassets.com; worker-src github.com/assets-cdn/worker/ gist.github.com/assets-cdn/worker/
Set-Cookie: _gh_sess=E%2BDV%2B15Kx6gY9QQcwrYZB1Xv5gzXbzD%2Fe2dBPtRLhb2rxnwyZYfGs7Ti%2Bf3xSxr9BELBmdg%2BJVHrxWXqzMyR3rGjLi4875IF2rMgGHgONhbrBDFXxHGhqYa6HOlS0W%2FN1r0Zk5bnRiySfk%2BTKtq32NjQ0Gp65jgY0f84QlomoeVhnJ21uAUcrYEOi6FvhoM%2Fg35%2F9qgp%2FQmEfHZ%2FbgG1rUDsIfeJdOwKWeQ1MGiAxKFDLSamjnarJvdvGTtbEgEMcE2LYrQt1A4iM%2Bjn9vq7sQ%3D%3D--2JNNkEVIS35FKs9n--pX1Qc6KB2b1nx32xUAPxoQ%3D%3D; Path=/; HttpOnly; Secure; SameSite=Lax
Set-Cookie: _octo=GH1.1.885105790.1689744349; Path=/; Domain=github.com; Expires=Fri, 19 Jul 2024 05:25:49 GMT; Secure; SameSite=Lax
Set-Cookie: logged_in=no; Path=/; Domain=github.com; Expires=Fri, 19 Jul 2024 05:25:49 GMT; HttpOnly; Secure; SameSite=Lax
Accept-Ranges: bytes
Transfer-Encoding: chunked
X-GitHub-Request-Id: 74BE:287715:4A852D:55ABB9:64B773A5
connection: close
Content-security-policy: default-src 'none'; base-uri 'self'; child-src https://*.zscaler.net github.com/assets-cdn/worker/ gist.github.com/assets-cdn/worker/; connect-src https://*.zscaler.net 'self' uploads.github.com objects-origin.githubusercontent.com www.githubstatus.com collector.github.com raw.githubusercontent.com api.github.com github-cloud.s3.amazonaws.com github-production-repository-file-5c1aeb.s3.amazonaws.com github-production-upload-manifest-file-7fdce7.s3.amazonaws.com github-production-user-asset-6210df.s3.amazonaws.com cdn.optimizely.com logx.optimizely.com/v1/events *.actions.githubusercontent.com productionresultssa0.blob.core.windows.net/ productionresultssa1.blob.core.windows.net/ productionresultssa2.blob.core.windows.net/ productionresultssa3.blob.core.windows.net/ productionresultssa4.blob.core.windows.net/ wss://*.actions.githubusercontent.com github-production-repository-image-32fea6.s3.amazonaws.com github-production-release-asset-2e65be.s3.amazonaws.com insights.github.com wss://alive.github.com; font-src https://*.zscaler.net github.githubassets.com; form-action 'self' github.com gist.github.com objects-origin.githubusercontent.com; frame-ancestors 'none'; frame-src https://*.zscaler.net viewscreen.githubusercontent.com notebooks.githubusercontent.com; img-src https://*.zscaler.net 'self' data: github.githubassets.com media.githubusercontent.com camo.githubusercontent.com identicons.github.com avatars.githubusercontent.com github-cloud.s3.amazonaws.com objects.githubusercontent.com objects-origin.githubusercontent.com secured-user-images.githubusercontent.com/ user-images.githubusercontent.com/ private-user-images.githubusercontent.com opengraph.githubassets.com github-production-user-asset-6210df.s3.amazonaws.com customer-stories-feed.github.com spotlights-feed.github.com *.githubusercontent.com; manifest-src https://*.zscaler.net 'self'; media-src https://*.zscaler.net github.com user-images.githubusercontent.com/ secured-user-images.githubusercontent.com/ private-user-images.githubusercontent.com; script-src https://*.zscaler.net github.githubassets.com; style-src https://*.zscaler.net 'unsafe-inline' github.githubassets.com; worker-src github.com/assets-cdn/worker/ gist.github.com/assets-cdn/worker/;

]
[2023-07-19 10:56:56,746: INFO: common: yaml file: config\config.yaml loaded successfully]
[2023-07-19 10:56:56,750: INFO: common: created directory at: artifacts]
[2023-07-19 10:56:56,754: INFO: common: created directory at: artifacts/data_ingestion]
[2023-07-19 10:57:11,944: INFO: 4037744573: artifacts/data_ingestion/data.zip download! with following info: 
Connection: close
Content-Length: 11616915
Cache-Control: max-age=300
Content-Security-Policy: default-src 'none'; style-src 'unsafe-inline'; sandbox
Content-Type: application/zip
ETag: "adf745abc03891fe493c3be264ec012691fe3fa21d861f35a27edbe6d86a76b1"
Strict-Transport-Security: max-age=31536000
X-Content-Type-Options: nosniff
X-Frame-Options: deny
X-XSS-Protection: 1; mode=block
X-GitHub-Request-Id: 670C:1BE484:1F17C:32502:64B7742C
Accept-Ranges: bytes
Date: Wed, 19 Jul 2023 05:27:09 GMT
Via: 1.1 varnish
X-Served-By: cache-ccu830032-CCU
X-Cache: MISS
X-Cache-Hits: 0
X-Timer: S1689744428.476116,VS0,VE953
Vary: Authorization,Accept-Encoding,Origin
Access-Control-Allow-Origin: *
Cross-Origin-Resource-Policy: cross-origin
X-Fastly-Request-ID: 96a2433f23832d0661cd21588d3ac368b69cbea6
Expires: Wed, 19 Jul 2023 05:32:09 GMT
Source-Age: 1

]
[2023-07-19 11:43:23,411: INFO: main: >>>>>> stage Data Ingestion stage started <<<<<<]
[2023-07-19 11:43:23,415: INFO: common: yaml file: config\config.yaml loaded successfully]
[2023-07-19 11:43:23,417: INFO: common: yaml file: params.yaml loaded successfully]
[2023-07-19 11:43:23,417: ERROR: main: yaml file is empty]
Traceback (most recent call last):
  File "c:\users\nr879ns\project azure\chicken_disease_model\src\cnnClassifier\utils\common.py", line 33, in read_yaml
    return ConfigBox(content)
  File "box\box.py", line 259, in box.box.Box.__init__
box.exceptions.BoxValueError: First argument must be mapping or iterable

During handling of the above exception, another exception occurred:

Traceback (most recent call last):
  File ".\main.py", line 9, in <module>
    data_ingestion.main()
  File "c:\users\nr879ns\project azure\chicken_disease_model\src\cnnClassifier\pipeline\stage_01_data_ingestion.py", line 13, in main
    config = ConfigurationManager()
  File "c:\users\nr879ns\project azure\chicken_disease_model\src\cnnClassifier\config\configuration.py", line 16, in __init__
    self.params = read_yaml(params_filepath)
  File "C:\Users\NR879NS\Anaconda3\envs\cnncls\lib\site-packages\ensure\main.py", line 849, in __call__
    return_val = self.f(*args, **kwargs)
  File "c:\users\nr879ns\project azure\chicken_disease_model\src\cnnClassifier\utils\common.py", line 35, in read_yaml
    raise ValueError("yaml file is empty")
ValueError: yaml file is empty
[2023-07-19 11:44:35,949: INFO: main: >>>>>> stage Data Ingestion stage started <<<<<<]
[2023-07-19 11:44:35,962: INFO: common: yaml file: config\config.yaml loaded successfully]
[2023-07-19 11:44:35,964: INFO: common: created directory at: artifacts]
[2023-07-19 11:44:35,968: INFO: common: created directory at: artifacts/data_ingestion]
[2023-07-19 11:44:51,896: INFO: data_ingestion: artifacts/data_ingestion/data.zip download! with following info: 
Connection: close
Content-Length: 11616915
Cache-Control: max-age=300
Content-Security-Policy: default-src 'none'; style-src 'unsafe-inline'; sandbox
Content-Type: application/zip
ETag: "adf745abc03891fe493c3be264ec012691fe3fa21d861f35a27edbe6d86a76b1"
Strict-Transport-Security: max-age=31536000
X-Content-Type-Options: nosniff
X-Frame-Options: deny
X-XSS-Protection: 1; mode=block
X-GitHub-Request-Id: 4D1C:179AF6:52DEA:7EC32:64B77F58
Accept-Ranges: bytes
Date: Wed, 19 Jul 2023 06:14:48 GMT
Via: 1.1 varnish
X-Served-By: cache-hyd1100030-HYD
X-Cache: MISS
X-Cache-Hits: 0
X-Timer: S1689747288.155028,VS0,VE754
Vary: Authorization,Accept-Encoding,Origin
Access-Control-Allow-Origin: *
Cross-Origin-Resource-Policy: cross-origin
X-Fastly-Request-ID: 4c524172071855ddd001c0b60f5f24af7f72871f
Expires: Wed, 19 Jul 2023 06:19:48 GMT
Source-Age: 0

]
[2023-07-19 11:44:52,863: INFO: main: >>>>>> stage Data Ingestion stage completed <<<<<<

x==========x]
[2023-07-19 12:39:01,989: INFO: main: >>>>>> stage Data Ingestion stage started <<<<<<]
[2023-07-19 12:39:01,994: INFO: common: yaml file: config\config.yaml loaded successfully]
[2023-07-19 12:39:01,996: INFO: common: created directory at: artifacts]
[2023-07-19 12:39:02,002: INFO: common: created directory at: artifacts/data_ingestion]
[2023-07-19 12:39:02,009: INFO: data_ingestion: File already exists of size: ~ 11345 KB]
[2023-07-19 12:39:03,667: INFO: main: >>>>>> stage Data Ingestion stage completed <<<<<<

x==========x]
[2023-07-19 16:35:17,792: INFO: common: yaml file: config\config.yaml loaded successfully]
[2023-07-19 16:35:17,797: INFO: common: yaml file: params.yaml loaded successfully]
[2023-07-19 16:35:17,800: INFO: common: created directory at: artifacts]
[2023-07-19 16:35:17,806: INFO: common: created directory at: artifacts/prepare_base_model]
[2023-07-19 16:35:31,328: WARNING: saving_utils: Compiled the loaded model, but the compiled metrics have yet to be built. `model.compile_metrics` will be empty until you train or evaluate the model.]
[2023-07-19 16:50:59,113: INFO: main: >>>>>> stage Data Ingestion stage started <<<<<<]
[2023-07-19 16:50:59,121: INFO: common: yaml file: config\config.yaml loaded successfully]
[2023-07-19 16:50:59,125: INFO: common: yaml file: params.yaml loaded successfully]
[2023-07-19 16:50:59,126: INFO: common: created directory at: artifacts]
[2023-07-19 16:50:59,127: ERROR: main: 'ConfigurationManager' object has no attribute 'get_data_ingestion_config']
Traceback (most recent call last):
  File ".\main.py", line 10, in <module>
    data_ingestion.main()
  File "c:\users\nr879ns\project azure\chicken_disease_model\src\cnnClassifier\pipeline\stage_01_data_ingestion.py", line 14, in main
    data_ingestion_config = config.get_data_ingestion_config()
AttributeError: 'ConfigurationManager' object has no attribute 'get_data_ingestion_config'
[2023-07-19 16:54:54,204: INFO: main: >>>>>> stage Data Ingestion stage started <<<<<<]
[2023-07-19 16:54:54,214: INFO: common: yaml file: config\config.yaml loaded successfully]
[2023-07-19 16:54:54,219: INFO: common: yaml file: params.yaml loaded successfully]
[2023-07-19 16:54:54,220: INFO: common: created directory at: artifacts]
[2023-07-19 16:54:54,224: INFO: common: created directory at: artifacts/data_ingestion]
[2023-07-19 16:54:54,227: INFO: data_ingestion: File already exists of size: ~ 11345 KB]
[2023-07-19 16:54:55,290: INFO: main: >>>>>> stage Data Ingestion stage completed <<<<<<

x==========x]
[2023-07-19 16:54:55,292: INFO: main: *******************]
[2023-07-19 16:54:55,292: INFO: main: >>>>>> stage Prepare base model started <<<<<<]
[2023-07-19 16:54:55,295: INFO: common: yaml file: config\config.yaml loaded successfully]
[2023-07-19 16:54:55,297: INFO: common: yaml file: params.yaml loaded successfully]
[2023-07-19 16:54:55,299: INFO: common: created directory at: artifacts]
[2023-07-19 16:54:55,300: INFO: common: created directory at: artifacts/prepare_base_model]
[2023-07-19 16:54:55,301: ERROR: main: __init__() got an unexpected keyword argument 'config']
Traceback (most recent call last):
  File ".\main.py", line 21, in <module>
    prepare_base_model.main()
  File "c:\users\nr879ns\project azure\chicken_disease_model\src\cnnClassifier\pipeline\stage_02_prepare_base_model.py", line 20, in main
    prepare_base_model = PrepareBaseModel(config=prepare_base_model_config)
TypeError: __init__() got an unexpected keyword argument 'config'
[2023-07-19 16:57:34,488: INFO: main: >>>>>> stage Data Ingestion stage started <<<<<<]
[2023-07-19 16:57:34,496: INFO: common: yaml file: config\config.yaml loaded successfully]
[2023-07-19 16:57:34,496: INFO: common: yaml file: params.yaml loaded successfully]
[2023-07-19 16:57:34,496: INFO: common: created directory at: artifacts]
[2023-07-19 16:57:34,506: INFO: common: created directory at: artifacts/data_ingestion]
[2023-07-19 16:57:34,509: INFO: data_ingestion: File already exists of size: ~ 11345 KB]
[2023-07-19 16:57:35,638: INFO: main: >>>>>> stage Data Ingestion stage completed <<<<<<

x==========x]
[2023-07-19 16:57:35,638: INFO: main: *******************]
[2023-07-19 16:57:35,654: INFO: main: >>>>>> stage Prepare base model started <<<<<<]
[2023-07-19 16:57:35,656: INFO: common: yaml file: config\config.yaml loaded successfully]
[2023-07-19 16:57:35,659: INFO: common: yaml file: params.yaml loaded successfully]
[2023-07-19 16:57:35,661: INFO: common: created directory at: artifacts]
[2023-07-19 16:57:35,662: INFO: common: created directory at: artifacts/prepare_base_model]
[2023-07-19 16:57:36,108: WARNING: saving_utils: Compiled the loaded model, but the compiled metrics have yet to be built. `model.compile_metrics` will be empty until you train or evaluate the model.]
[2023-07-19 16:57:36,352: INFO: main: >>>>>> stage Prepare base model completed <<<<<<

x==========x]
